<div class="mb-3 col-12"><div class="row"><div class="align-self-center col-sm-4"><label for="frm-form-select" class="col-form-label">Select</label></div><div class="align-self-center col-sm-8"><select name="select" id="frm-form-select" style="display: none;"><option value="">~ Vyberte ~</option><option value="first">First</option><option value="second">Second</option></select><div id="frm-form-select-wrapper" data-parent-id="frm-form-select" class="dropdown select-image d-block"><a class="btn dropdown-toggle d-block" id="frm-form-select-dropdown" data-bs-toggle="dropdown" aria-expanded="false" type="button"><span class="prompt-text float-start">~ Vyberte ~</span></a><ul aria-labelledby="frm-form-select-dropdown" class="dropdown-menu ps-2 pe-2 w-100"><li value=""><a class="dropdown-item"><div class="label-text mt-1">~ Vyberte ~</div></a></li><li value="first"><a class="row dropdown-item"><div class="image-wrap"><img src="/images/first.png"></div><div class="label-text mt-1 ms-2">First</div></a></li><li value="second"><a class="row dropdown-item"><div class="image-wrap"><img src="/images/second.png"></div><div class="label-text mt-1 ms-2">Second</div></a></li></ul></div></div></div></div>