<div class="mb-3 row"><div class="col-sm-8 offset-sm-4"><div class="form-check"><input type="checkbox" name="check" id="frm-form-check" class="form-check-input "><label for="frm-form-check" class="form-check-label">Check</label><span title="MyTooltip" data-placement="top" data-togle="tooltip"><span class="fal fa-question-circle color-blue fa-fw"></span></span></div></div></div>