<div class="mb-3 col-12"><div id="containerDuplicator" class="card card-accent-primary"><div class="card-body"><div class="row"><div class="mb-3 col-12"><div class="row"><div class="align-self-center col-sm-4"><label for="frm-form-duplicator-0-text" class="col-form-label">text</label></div><div class="align-self-center col-sm-8"><div class="input-group"><input type="text" name="duplicator[0][text]" id="frm-form-duplicator-0-text" value="Text" class="form-control"></div></div></div></div><div class="mb-3 col-12"><button class="btn btn-xs btn-outline-danger float-end" name="duplicator[0][del]" formnovalidate="" type="submit"><span class="fal fa-times fa-fw"></span>Smazat</button></div><hr /></div></div><div class="card-footer"><button class="btn btn-outline-primary float-left btn-xs " name="duplicator[add]" value="Přidat" formnovalidate="" data-nette-validation-scope='["multiplier"]' label="Přidat" type="submit"><span class="fal fa-plus fa-fw"></span>Přidat</button></div></div></div>